#EXTM3U
#EXT-X-VERSION:3
#EXT-X-MEDIA-SEQUENCE:7794
#EXT-X-TARGETDURATION:15

#EXT-X-KEY:METHOD=AES-128,URI="https://priv.example.com/key.php?r=52"

#EXTINF:2.833,
http://127.0.0.1:8888/?url=http%3A%2F%2Fmedia.example.com%2FfileSequence52-A.ts
#EXTINF:15.0,
http://127.0.0.1:8888/?url=http%3A%2F%2Fmedia.example.com%2FfileSequence52-B.ts
#EXTINF:13.333,
http://127.0.0.1:8888/?url=http%3A%2F%2Fmedia.example.com%2FfileSequence52-C.ts

#EXT-X-KEY:METHOD=AES-128,URI="https://test.com/key.php?r=53"

#EXTINF:15.0,
http://127.0.0.1:8888/?url=http%3A%2F%2Fmedia.example.com%2FfileSequence53-A.ts










#EXT-X-ENDLIST