#EXTM3U
#EXT-X-STREAM-INF:PROGRAM-ID=1,BANDWIDTH=800000,RESOLUTION=1080x608
http://127.0.0.1:8888/?url=https%3A%2F%2Ftest.com%2Fm3u8%2F1000k%2Fhls%2F1.m3u8
#EXT-X-STREAM-INF:PROGRAM-ID=2,BANDWIDTH=900000,RESOLUTION=1080x608
http://127.0.0.1:8888/?url=https%3A%2F%2Ftest.com%2F1000k%2Fhls%2F2.m3u8
#EXT-X-STREAM-INF:PROGRAM-ID=3,BANDWIDTH=1000000,RESOLUTION=1080x608
http://127.0.0.1:8888/?url=https%3A%2F%2Fmedia.anywhere.com%2F1000k%2Fhls%2F3.m3u8